may not add resource with an already registered id `v1.Secret/base-secrets.example`, consider specifying `merge` or `replace` behavior