failure merging resources from `../base2` into `tests/kustomizer/testdata/reference/components-cannot-add-bases-containing-the-same-resource/comp2/kustomization.yaml`

Caused by:
    may not add resource with an already registered id `v1.Deployment/storefront`, consider specifying `merge` or `replace` behavior