loading component `component`

Caused by:
    expected `kustomize.config.k8s.io/v1alpha1`, found `kustomize.config.k8s.io/v1beta1`