failure merging resources from `deployment.yaml` into `tests/kustomizer/testdata/reference/components-cannot-add-the-same-resource/comp2/kustomization.yaml`

Caused by:
    may not add resource with an already registered id `v1.Deployment/storefront`, consider specifying `merge` or `replace` behavior